nohup: ignoring input
Salient patches only: False; filter=none source=predicted top_percent=0.3
/home/z/zaimazarnaz/miniconda3/envs/explainable_vidsal/lib/python3.10/site-packages/timm/models/layers/__init__.py:49: FutureWarning: Importing from timm.models.layers is deprecated, please import via timm.layers
  warnings.warn(f"Importing from {__name__} is deprecated, please import via timm.layers", FutureWarning)
/home/z/zaimazarnaz/miniconda3/envs/explainable_vidsal/lib/python3.10/site-packages/torch/functional.py:505: UserWarning: torch.meshgrid: in an upcoming release, it will be required to pass the indexing argument. (Triggered internally at /pytorch/aten/src/ATen/native/TensorShape.cpp:4382.)
  return _VF.meshgrid(tensors, **kwargs)  # type: ignore[attr-defined]
load model from: /data/quantization/zaima/videoswin/swin_small_patch244_window877_kinetics400_1k.pth
ConceptGatedMultiScaleSaliencyDecoder: prototype_bottleneck_strength=1.0000 | prototype_application_position=post_refine (pairwise at ('stage3', 'stage4')) | fine_unary_mask_strength=1.0000 (unary_mask at ('stage1', 'stage2')) | stage2_backbone_fusion_enabled=True
Loaded group_00: 029/0001.png, patch 29
Loaded group_01: 055/0001.png, patch 56
Loaded group_02: 127/0001.png, patch 40
Loaded group_03: 022/0001.png, patch 33
Loaded group_04: 001/0001.png, patch 45
Using 10529 search windows; sampling=all_available_dataset_windows; targets=5. A video may contribute one patch from each frame; a group keeps at most one patch per frame.
Matching retained patches on cuda:0.
Windows 2/10529; retained patches 6
Windows 40/10529; retained patches 9
Windows 80/10529; retained patches 9
Windows 120/10529; retained patches 9
Windows 160/10529; retained patches 11
Windows 200/10529; retained patches 11
Windows 240/10529; retained patches 11
Windows 280/10529; retained patches 11
Windows 320/10529; retained patches 11
Windows 360/10529; retained patches 11
Windows 400/10529; retained patches 16
Windows 440/10529; retained patches 19
Windows 480/10529; retained patches 19
Windows 520/10529; retained patches 20
