nohup: ignoring input
Salient patches only: False; filter=none source=predicted top_percent=0.3
/home/z/zaimazarnaz/miniconda3/envs/explainable_vidsal/lib/python3.10/site-packages/timm/models/layers/__init__.py:49: FutureWarning: Importing from timm.models.layers is deprecated, please import via timm.layers
  warnings.warn(f"Importing from {__name__} is deprecated, please import via timm.layers", FutureWarning)
/home/z/zaimazarnaz/miniconda3/envs/explainable_vidsal/lib/python3.10/site-packages/torch/functional.py:505: UserWarning: torch.meshgrid: in an upcoming release, it will be required to pass the indexing argument. (Triggered internally at /pytorch/aten/src/ATen/native/TensorShape.cpp:4382.)
  return _VF.meshgrid(tensors, **kwargs)  # type: ignore[attr-defined]
load model from: /data/quantization/zaima/videoswin/swin_small_patch244_window877_kinetics400_1k.pth
ConceptGatedMultiScaleSaliencyDecoder: prototype_bottleneck_strength=1.0000 | prototype_application_position=post_refine (pairwise at ('stage3', 'stage4')) | fine_unary_mask_strength=1.0000 (unary_mask at ('stage1', 'stage2')) | stage2_backbone_fusion_enabled=True
Loaded group_00: 029/0001.png, patch 29
Loaded group_01: 055/0001.png, patch 56
Loaded group_02: 127/0001.png, patch 40
Loaded group_03: 022/0001.png, patch 33
Loaded group_04: 001/0001.png, patch 45
Using 10529 search windows; sampling=all_available_dataset_windows; targets=5. A video may contribute one patch from each frame; a group keeps at most one patch per frame.
Matching retained patches on cuda:1.
Windows 2/10529; retained patches 7
Windows 40/10529; retained patches 12
Windows 80/10529; retained patches 12
Windows 120/10529; retained patches 12
Windows 160/10529; retained patches 12
Windows 200/10529; retained patches 12
Windows 240/10529; retained patches 12
Windows 280/10529; retained patches 12
Windows 320/10529; retained patches 12
Windows 360/10529; retained patches 12
Windows 400/10529; retained patches 17
Windows 440/10529; retained patches 20
Windows 480/10529; retained patches 20
Windows 520/10529; retained patches 20
Windows 560/10529; retained patches 21
Windows 600/10529; retained patches 30
Windows 640/10529; retained patches 30
Windows 680/10529; retained patches 30
Windows 720/10529; retained patches 30
Windows 760/10529; retained patches 30
Windows 800/10529; retained patches 30
Windows 840/10529; retained patches 30
Windows 880/10529; retained patches 30
Windows 920/10529; retained patches 30
Windows 960/10529; retained patches 30
Windows 1000/10529; retained patches 46
Windows 1040/10529; retained patches 48
Windows 1080/10529; retained patches 48
Windows 1120/10529; retained patches 48
Windows 1160/10529; retained patches 48
Windows 1200/10529; retained patches 48
Windows 1240/10529; retained patches 48
Windows 1280/10529; retained patches 52
Windows 1320/10529; retained patches 52
Windows 1360/10529; retained patches 52
Windows 1400/10529; retained patches 52
Windows 1440/10529; retained patches 52
Windows 1480/10529; retained patches 53
Windows 1520/10529; retained patches 53
Windows 1560/10529; retained patches 53
Windows 1600/10529; retained patches 53
Windows 1640/10529; retained patches 53
Windows 1680/10529; retained patches 54
Windows 1720/10529; retained patches 54
Windows 1760/10529; retained patches 54
Windows 1800/10529; retained patches 54
Windows 1840/10529; retained patches 55
Windows 1880/10529; retained patches 55
Windows 1920/10529; retained patches 56
Windows 1960/10529; retained patches 56
Windows 2000/10529; retained patches 56
Windows 2040/10529; retained patches 56
Windows 2080/10529; retained patches 56
Windows 2120/10529; retained patches 56
Windows 2160/10529; retained patches 56
Windows 2200/10529; retained patches 56
Windows 2240/10529; retained patches 56
Windows 2280/10529; retained patches 56
Windows 2320/10529; retained patches 56
Windows 2360/10529; retained patches 57
Windows 2400/10529; retained patches 57
Windows 2440/10529; retained patches 57
Windows 2480/10529; retained patches 57
Windows 2520/10529; retained patches 57
Windows 2560/10529; retained patches 57
Windows 2600/10529; retained patches 57
Windows 2640/10529; retained patches 60
Windows 2680/10529; retained patches 60
Windows 2720/10529; retained patches 60
Windows 2760/10529; retained patches 64
Windows 2800/10529; retained patches 65
Windows 2840/10529; retained patches 65
Windows 2880/10529; retained patches 65
Windows 2920/10529; retained patches 65
Windows 2960/10529; retained patches 65
Windows 3000/10529; retained patches 65
Windows 3040/10529; retained patches 65
Windows 3080/10529; retained patches 66
Windows 3120/10529; retained patches 66
Windows 3160/10529; retained patches 67
Windows 3200/10529; retained patches 67
Windows 3240/10529; retained patches 67
Windows 3280/10529; retained patches 67
Windows 3320/10529; retained patches 67
Windows 3360/10529; retained patches 67
Windows 3400/10529; retained patches 70
Windows 3440/10529; retained patches 70
Windows 3480/10529; retained patches 71
Windows 3520/10529; retained patches 71
Windows 3560/10529; retained patches 71
Windows 3600/10529; retained patches 74
Windows 3640/10529; retained patches 83
Windows 3680/10529; retained patches 83
Windows 3720/10529; retained patches 84
Windows 3760/10529; retained patches 88
Windows 3800/10529; retained patches 88
Windows 3840/10529; retained patches 95
Windows 3880/10529; retained patches 97
Windows 3920/10529; retained patches 97
Windows 3960/10529; retained patches 102
Windows 4000/10529; retained patches 102
Windows 4040/10529; retained patches 103
Windows 4080/10529; retained patches 103
Windows 4120/10529; retained patches 103
Windows 4160/10529; retained patches 103
Windows 4200/10529; retained patches 103
Windows 4240/10529; retained patches 105
Windows 4280/10529; retained patches 105
Windows 4320/10529; retained patches 105
Windows 4360/10529; retained patches 105
Windows 4400/10529; retained patches 105
Windows 4440/10529; retained patches 105
