nohup: ignoring input
/home/z/zaimazarnaz/miniconda3/envs/explainable_vidsal/lib/python3.10/site-packages/timm/models/layers/__init__.py:49: FutureWarning: Importing from timm.models.layers is deprecated, please import via timm.layers
  warnings.warn(f"Importing from {__name__} is deprecated, please import via timm.layers", FutureWarning)
/home/z/zaimazarnaz/miniconda3/envs/explainable_vidsal/lib/python3.10/site-packages/torch/functional.py:505: UserWarning: torch.meshgrid: in an upcoming release, it will be required to pass the indexing argument. (Triggered internally at /pytorch/aten/src/ATen/native/TensorShape.cpp:4382.)
  return _VF.meshgrid(tensors, **kwargs)  # type: ignore[attr-defined]
load model from: /data/quantization/zaima/videoswin/swin_small_patch244_window877_kinetics400_1k.pth
ConceptGatedMultiScaleSaliencyDecoder: prototype_bottleneck_strength=1.0000 | prototype_application_position=post_refine (pairwise at ('stage3', 'stage4')) | fine_unary_mask_strength=1.0000 (unary_mask at ('stage1', 'stage2')) | stage2_backbone_fusion_enabled=True
Scanning 57173/57173 validation windows; stride=1; all stage-4 last-frame patches.
Windows 2/57173; exported patches 168
Windows 40/57173; exported patches 3360
Windows 80/57173; exported patches 6720
Windows 120/57173; exported patches 10080
Windows 160/57173; exported patches 13440
Windows 200/57173; exported patches 16800
Windows 240/57173; exported patches 20160
Windows 280/57173; exported patches 23520
Windows 320/57173; exported patches 26880
Windows 360/57173; exported patches 30240
Windows 400/57173; exported patches 33600
Windows 440/57173; exported patches 36960
Windows 480/57173; exported patches 40320
Windows 520/57173; exported patches 43680
Windows 560/57173; exported patches 47040
Windows 600/57173; exported patches 50400
Windows 640/57173; exported patches 53760
Windows 680/57173; exported patches 57120
Windows 720/57173; exported patches 60480
Windows 760/57173; exported patches 63840
Windows 800/57173; exported patches 67200
Windows 840/57173; exported patches 70560
Windows 880/57173; exported patches 73920
Windows 920/57173; exported patches 77280
Windows 960/57173; exported patches 80640
Windows 1000/57173; exported patches 84000
Windows 1040/57173; exported patches 87360
Windows 1080/57173; exported patches 90720
Windows 1120/57173; exported patches 94080
Windows 1160/57173; exported patches 97440
Windows 1200/57173; exported patches 100800
Windows 1240/57173; exported patches 104160
Windows 1280/57173; exported patches 107520
Windows 1320/57173; exported patches 110880
Windows 1360/57173; exported patches 114240
Windows 1400/57173; exported patches 117600
Windows 1440/57173; exported patches 120960
Windows 1480/57173; exported patches 124320
Windows 1520/57173; exported patches 127680
Windows 1560/57173; exported patches 131040
Windows 1600/57173; exported patches 134400
Windows 1640/57173; exported patches 137760
Windows 1680/57173; exported patches 141120
Windows 1720/57173; exported patches 144480
Windows 1760/57173; exported patches 147840
Windows 1800/57173; exported patches 151200
Windows 1840/57173; exported patches 154560
Windows 1880/57173; exported patches 157920
Windows 1920/57173; exported patches 161280
Windows 1960/57173; exported patches 164640
Windows 2000/57173; exported patches 168000
Windows 2040/57173; exported patches 171360
Windows 2080/57173; exported patches 174720
Windows 2120/57173; exported patches 178080
Windows 2160/57173; exported patches 181440
Windows 2200/57173; exported patches 184800
Windows 2240/57173; exported patches 188160
Windows 2280/57173; exported patches 191520
Windows 2320/57173; exported patches 194880
Windows 2360/57173; exported patches 198240
Windows 2400/57173; exported patches 201600
Windows 2440/57173; exported patches 204960
Windows 2480/57173; exported patches 208320
Windows 2520/57173; exported patches 211680
Windows 2560/57173; exported patches 215040
Windows 2600/57173; exported patches 218400
Windows 2640/57173; exported patches 221760
Windows 2680/57173; exported patches 225120
Windows 2720/57173; exported patches 228480
Windows 2760/57173; exported patches 231840
Windows 2800/57173; exported patches 235200
Windows 2840/57173; exported patches 238560
Windows 2880/57173; exported patches 241920
Windows 2920/57173; exported patches 245280
Windows 2960/57173; exported patches 248640
Windows 3000/57173; exported patches 252000
Windows 3040/57173; exported patches 255360
Windows 3080/57173; exported patches 258720
Windows 3120/57173; exported patches 262080
Windows 3160/57173; exported patches 265440
Windows 3200/57173; exported patches 268800
Windows 3240/57173; exported patches 272160
Windows 3280/57173; exported patches 275520
Windows 3320/57173; exported patches 278880
Windows 3360/57173; exported patches 282240
Windows 3400/57173; exported patches 285600
Windows 3440/57173; exported patches 288960
Windows 3480/57173; exported patches 292320
Windows 3520/57173; exported patches 295680
Windows 3560/57173; exported patches 299040
Windows 3600/57173; exported patches 302400
Windows 3640/57173; exported patches 305760
Windows 3680/57173; exported patches 309120
Windows 3720/57173; exported patches 312480
Windows 3760/57173; exported patches 315840
Windows 3800/57173; exported patches 319200
Windows 3840/57173; exported patches 322560
Windows 3880/57173; exported patches 325920
Windows 3920/57173; exported patches 329280
Windows 3960/57173; exported patches 332640
Windows 4000/57173; exported patches 336000
Windows 4040/57173; exported patches 339360
Windows 4080/57173; exported patches 342720
Windows 4120/57173; exported patches 346080
Windows 4160/57173; exported patches 349440
Windows 4200/57173; exported patches 352800
Windows 4240/57173; exported patches 356160
Windows 4280/57173; exported patches 359520
Windows 4320/57173; exported patches 362880
Windows 4360/57173; exported patches 366240
Windows 4400/57173; exported patches 369600
Windows 4440/57173; exported patches 372960
Windows 4480/57173; exported patches 376320
Windows 4520/57173; exported patches 379680
Windows 4560/57173; exported patches 383040
Windows 4600/57173; exported patches 386400
Windows 4640/57173; exported patches 389760
Windows 4680/57173; exported patches 393120
Windows 4720/57173; exported patches 396480
Windows 4760/57173; exported patches 399840
Windows 4800/57173; exported patches 403200
Windows 4840/57173; exported patches 406560
Windows 4880/57173; exported patches 409920
Windows 4920/57173; exported patches 413280
Windows 4960/57173; exported patches 416640
Windows 5000/57173; exported patches 420000
Windows 5040/57173; exported patches 423360
Windows 5080/57173; exported patches 426720
Windows 5120/57173; exported patches 430080
Windows 5160/57173; exported patches 433440
Windows 5200/57173; exported patches 436800
Windows 5240/57173; exported patches 440160
Windows 5280/57173; exported patches 443520
Windows 5320/57173; exported patches 446880
Windows 5360/57173; exported patches 450240
Windows 5400/57173; exported patches 453600
Windows 5440/57173; exported patches 456960
Windows 5480/57173; exported patches 460320
Windows 5520/57173; exported patches 463680
Windows 5560/57173; exported patches 467040
Windows 5600/57173; exported patches 470400
Windows 5640/57173; exported patches 473760
Windows 5680/57173; exported patches 477120
Windows 5720/57173; exported patches 480480
Windows 5760/57173; exported patches 483840
Windows 5800/57173; exported patches 487200
Windows 5840/57173; exported patches 490560
Windows 5880/57173; exported patches 493920
Windows 5920/57173; exported patches 497280
Windows 5960/57173; exported patches 500640
Windows 6000/57173; exported patches 504000
Windows 6040/57173; exported patches 507360
Windows 6080/57173; exported patches 510720
Windows 6120/57173; exported patches 514080
Windows 6160/57173; exported patches 517440
Windows 6200/57173; exported patches 520800
Windows 6240/57173; exported patches 524160
Windows 6280/57173; exported patches 527520
Windows 6320/57173; exported patches 530880
Windows 6360/57173; exported patches 534240
Windows 6400/57173; exported patches 537600
Windows 6440/57173; exported patches 540960
Windows 6480/57173; exported patches 544320
Windows 6520/57173; exported patches 547680
Windows 6560/57173; exported patches 551040
Windows 6600/57173; exported patches 554400
Windows 6640/57173; exported patches 557760
Windows 6680/57173; exported patches 561120
Windows 6720/57173; exported patches 564480
Windows 6760/57173; exported patches 567840
Windows 6800/57173; exported patches 571200
Windows 6840/57173; exported patches 574560
Windows 6880/57173; exported patches 577920
Windows 6920/57173; exported patches 581280
Windows 6960/57173; exported patches 584640
Windows 7000/57173; exported patches 588000
Windows 7040/57173; exported patches 591360
Windows 7080/57173; exported patches 594720
Windows 7120/57173; exported patches 598080
Windows 7160/57173; exported patches 601440
Windows 7200/57173; exported patches 604800
Windows 7240/57173; exported patches 608160
Windows 7280/57173; exported patches 611520
Windows 7320/57173; exported patches 614880
Windows 7360/57173; exported patches 618240
Windows 7400/57173; exported patches 621600
Windows 7440/57173; exported patches 624960
Windows 7480/57173; exported patches 628320
Windows 7520/57173; exported patches 631680
Windows 7560/57173; exported patches 635040
Windows 7600/57173; exported patches 638400
Windows 7640/57173; exported patches 641760
Windows 7680/57173; exported patches 645120
Windows 7720/57173; exported patches 648480
Windows 7760/57173; exported patches 651840
Windows 7800/57173; exported patches 655200
Windows 7840/57173; exported patches 658560
Windows 7880/57173; exported patches 661920
Windows 7920/57173; exported patches 665280
Windows 7960/57173; exported patches 668640
Windows 8000/57173; exported patches 672000
Windows 8040/57173; exported patches 675360
Windows 8080/57173; exported patches 678720
Windows 8120/57173; exported patches 682080
Windows 8160/57173; exported patches 685440
Windows 8200/57173; exported patches 688800
Windows 8240/57173; exported patches 692160
Windows 8280/57173; exported patches 695520
Windows 8320/57173; exported patches 698880
Windows 8360/57173; exported patches 702240
Windows 8400/57173; exported patches 705600
Windows 8440/57173; exported patches 708960
Windows 8480/57173; exported patches 712320
Windows 8520/57173; exported patches 715680
Windows 8560/57173; exported patches 719040
Windows 8600/57173; exported patches 722400
Windows 8640/57173; exported patches 725760
Windows 8680/57173; exported patches 729120
Windows 8720/57173; exported patches 732480
Windows 8760/57173; exported patches 735840
Windows 8800/57173; exported patches 739200
Windows 8840/57173; exported patches 742560
Windows 8880/57173; exported patches 745920
Windows 8920/57173; exported patches 749280
Windows 8960/57173; exported patches 752640
Windows 9000/57173; exported patches 756000
Windows 9040/57173; exported patches 759360
Windows 9080/57173; exported patches 762720
Windows 9120/57173; exported patches 766080
Windows 9160/57173; exported patches 769440
Windows 9200/57173; exported patches 772800
Windows 9240/57173; exported patches 776160
Windows 9280/57173; exported patches 779520
Windows 9320/57173; exported patches 782880
Windows 9360/57173; exported patches 786240
Windows 9400/57173; exported patches 789600
Windows 9440/57173; exported patches 792960
Windows 9480/57173; exported patches 796320
Windows 9520/57173; exported patches 799680
Windows 9560/57173; exported patches 803040
Windows 9600/57173; exported patches 806400
Windows 9640/57173; exported patches 809760
Windows 9680/57173; exported patches 813120
Windows 9720/57173; exported patches 816480
Windows 9760/57173; exported patches 819840
Windows 9800/57173; exported patches 823200
Windows 9840/57173; exported patches 826560
Windows 9880/57173; exported patches 829920
Windows 9920/57173; exported patches 833280
Windows 9960/57173; exported patches 836640
Windows 10000/57173; exported patches 840000
Windows 10040/57173; exported patches 843360
Windows 10080/57173; exported patches 846720
Windows 10120/57173; exported patches 850080
Windows 10160/57173; exported patches 853440
Windows 10200/57173; exported patches 856800
Windows 10240/57173; exported patches 860160
Windows 10280/57173; exported patches 863520
Windows 10320/57173; exported patches 866880
Windows 10360/57173; exported patches 870240
Windows 10400/57173; exported patches 873600
Windows 10440/57173; exported patches 876960
Windows 10480/57173; exported patches 880320
Windows 10520/57173; exported patches 883680
Windows 10560/57173; exported patches 887040
Windows 10600/57173; exported patches 890400
Windows 10640/57173; exported patches 893760
Windows 10680/57173; exported patches 897120
Windows 10720/57173; exported patches 900480
Windows 10760/57173; exported patches 903840
Windows 10800/57173; exported patches 907200
Windows 10840/57173; exported patches 910560
Windows 10880/57173; exported patches 913920
Windows 10920/57173; exported patches 917280
Windows 10960/57173; exported patches 920640
Windows 11000/57173; exported patches 924000
Windows 11040/57173; exported patches 927360
Windows 11080/57173; exported patches 930720
Windows 11120/57173; exported patches 934080
Windows 11160/57173; exported patches 937440
Windows 11200/57173; exported patches 940800
Windows 11240/57173; exported patches 944160
Windows 11280/57173; exported patches 947520
Windows 11320/57173; exported patches 950880
Windows 11360/57173; exported patches 954240
Windows 11400/57173; exported patches 957600
Windows 11440/57173; exported patches 960960
Windows 11480/57173; exported patches 964320
Windows 11520/57173; exported patches 967680
Windows 11560/57173; exported patches 971040
Windows 11600/57173; exported patches 974400
Windows 11640/57173; exported patches 977760
Windows 11680/57173; exported patches 981120
Windows 11720/57173; exported patches 984480
Windows 11760/57173; exported patches 987840
Windows 11800/57173; exported patches 991200
Windows 11840/57173; exported patches 994560
Windows 11880/57173; exported patches 997920
Windows 11920/57173; exported patches 1001280
Windows 11960/57173; exported patches 1004640
Windows 12000/57173; exported patches 1008000
Windows 12040/57173; exported patches 1011360
Windows 12080/57173; exported patches 1014720
Windows 12120/57173; exported patches 1018080
Windows 12160/57173; exported patches 1021440
Windows 12200/57173; exported patches 1024800
Windows 12240/57173; exported patches 1028160
Windows 12280/57173; exported patches 1031520
Windows 12320/57173; exported patches 1034880
Windows 12360/57173; exported patches 1038240
Windows 12400/57173; exported patches 1041600
Windows 12440/57173; exported patches 1044960
Windows 12480/57173; exported patches 1048320
Windows 12520/57173; exported patches 1051680
Windows 12560/57173; exported patches 1055040
Windows 12600/57173; exported patches 1058400
Windows 12640/57173; exported patches 1061760
Windows 12680/57173; exported patches 1065120
Windows 12720/57173; exported patches 1068480
Windows 12760/57173; exported patches 1071840
Windows 12800/57173; exported patches 1075200
Windows 12840/57173; exported patches 1078560
Windows 12880/57173; exported patches 1081920
Windows 12920/57173; exported patches 1085280
Windows 12960/57173; exported patches 1088640
Windows 13000/57173; exported patches 1092000
Windows 13040/57173; exported patches 1095360
Windows 13080/57173; exported patches 1098720
Windows 13120/57173; exported patches 1102080
Windows 13160/57173; exported patches 1105440
Windows 13200/57173; exported patches 1108800
Windows 13240/57173; exported patches 1112160
Windows 13280/57173; exported patches 1115520
Windows 13320/57173; exported patches 1118880
Windows 13360/57173; exported patches 1122240
Windows 13400/57173; exported patches 1125600
Windows 13440/57173; exported patches 1128960
Windows 13480/57173; exported patches 1132320
Windows 13520/57173; exported patches 1135680
Windows 13560/57173; exported patches 1139040
Windows 13600/57173; exported patches 1142400
Windows 13640/57173; exported patches 1145760
Windows 13680/57173; exported patches 1149120
Windows 13720/57173; exported patches 1152480
Windows 13760/57173; exported patches 1155840
Windows 13800/57173; exported patches 1159200
Windows 13840/57173; exported patches 1162560
Windows 13880/57173; exported patches 1165920
Windows 13920/57173; exported patches 1169280
Windows 13960/57173; exported patches 1172640
Windows 14000/57173; exported patches 1176000
Windows 14040/57173; exported patches 1179360
Windows 14080/57173; exported patches 1182720
Windows 14120/57173; exported patches 1186080
Windows 14160/57173; exported patches 1189440
Windows 14200/57173; exported patches 1192800
Windows 14240/57173; exported patches 1196160
Windows 14280/57173; exported patches 1199520
Windows 14320/57173; exported patches 1202880
Windows 14360/57173; exported patches 1206240
Windows 14400/57173; exported patches 1209600
Windows 14440/57173; exported patches 1212960
Windows 14480/57173; exported patches 1216320
Windows 14520/57173; exported patches 1219680
Windows 14560/57173; exported patches 1223040
Windows 14600/57173; exported patches 1226400
Windows 14640/57173; exported patches 1229760
Windows 14680/57173; exported patches 1233120
Windows 14720/57173; exported patches 1236480
Windows 14760/57173; exported patches 1239840
Windows 14800/57173; exported patches 1243200
Windows 14840/57173; exported patches 1246560
Windows 14880/57173; exported patches 1249920
Windows 14920/57173; exported patches 1253280
Windows 14960/57173; exported patches 1256640
Windows 15000/57173; exported patches 1260000
Windows 15040/57173; exported patches 1263360
Windows 15080/57173; exported patches 1266720
Windows 15120/57173; exported patches 1270080
Windows 15160/57173; exported patches 1273440
Windows 15200/57173; exported patches 1276800
Windows 15240/57173; exported patches 1280160
Windows 15280/57173; exported patches 1283520
Windows 15320/57173; exported patches 1286880
Windows 15360/57173; exported patches 1290240
Windows 15400/57173; exported patches 1293600
Windows 15440/57173; exported patches 1296960
Windows 15480/57173; exported patches 1300320
Windows 15520/57173; exported patches 1303680
Windows 15560/57173; exported patches 1307040
Windows 15600/57173; exported patches 1310400
Windows 15640/57173; exported patches 1313760
Windows 15680/57173; exported patches 1317120
Windows 15720/57173; exported patches 1320480
Windows 15760/57173; exported patches 1323840
Windows 15800/57173; exported patches 1327200
Windows 15840/57173; exported patches 1330560
Windows 15880/57173; exported patches 1333920
Windows 15920/57173; exported patches 1337280
Windows 15960/57173; exported patches 1340640
Windows 16000/57173; exported patches 1344000
Windows 16040/57173; exported patches 1347360
Windows 16080/57173; exported patches 1350720
Windows 16120/57173; exported patches 1354080
Windows 16160/57173; exported patches 1357440
Windows 16200/57173; exported patches 1360800
Windows 16240/57173; exported patches 1364160
Windows 16280/57173; exported patches 1367520
Windows 16320/57173; exported patches 1370880
Windows 16360/57173; exported patches 1374240
Windows 16400/57173; exported patches 1377600
Windows 16440/57173; exported patches 1380960
Windows 16480/57173; exported patches 1384320
Windows 16520/57173; exported patches 1387680
Windows 16560/57173; exported patches 1391040
Windows 16600/57173; exported patches 1394400
Windows 16640/57173; exported patches 1397760
Windows 16680/57173; exported patches 1401120
Windows 16720/57173; exported patches 1404480
Windows 16760/57173; exported patches 1407840
Windows 16800/57173; exported patches 1411200
Windows 16840/57173; exported patches 1414560
Windows 16880/57173; exported patches 1417920
Windows 16920/57173; exported patches 1421280
Windows 16960/57173; exported patches 1424640
Windows 17000/57173; exported patches 1428000
Windows 17040/57173; exported patches 1431360
Windows 17080/57173; exported patches 1434720
Windows 17120/57173; exported patches 1438080
Windows 17160/57173; exported patches 1441440
Windows 17200/57173; exported patches 1444800
Windows 17240/57173; exported patches 1448160
Windows 17280/57173; exported patches 1451520
Windows 17320/57173; exported patches 1454880
Windows 17360/57173; exported patches 1458240
Windows 17400/57173; exported patches 1461600
Windows 17440/57173; exported patches 1464960
Windows 17480/57173; exported patches 1468320
Windows 17520/57173; exported patches 1471680
Windows 17560/57173; exported patches 1475040
Windows 17600/57173; exported patches 1478400
Windows 17640/57173; exported patches 1481760
Windows 17680/57173; exported patches 1485120
Windows 17720/57173; exported patches 1488480
Windows 17760/57173; exported patches 1491840
Windows 17800/57173; exported patches 1495200
Windows 17840/57173; exported patches 1498560
Windows 17880/57173; exported patches 1501920
Windows 17920/57173; exported patches 1505280
Windows 17960/57173; exported patches 1508640
Windows 18000/57173; exported patches 1512000
Windows 18040/57173; exported patches 1515360
Windows 18080/57173; exported patches 1518720
Windows 18120/57173; exported patches 1522080
Windows 18160/57173; exported patches 1525440
Windows 18200/57173; exported patches 1528800
Windows 18240/57173; exported patches 1532160
Windows 18280/57173; exported patches 1535520
Windows 18320/57173; exported patches 1538880
Windows 18360/57173; exported patches 1542240
Windows 18400/57173; exported patches 1545600
Windows 18440/57173; exported patches 1548960
Windows 18480/57173; exported patches 1552320
Windows 18520/57173; exported patches 1555680
Windows 18560/57173; exported patches 1559040
Windows 18600/57173; exported patches 1562400
Windows 18640/57173; exported patches 1565760
Windows 18680/57173; exported patches 1569120
Windows 18720/57173; exported patches 1572480
Windows 18760/57173; exported patches 1575840
Windows 18800/57173; exported patches 1579200
Windows 18840/57173; exported patches 1582560
Windows 18880/57173; exported patches 1585920
Windows 18920/57173; exported patches 1589280
Windows 18960/57173; exported patches 1592640
Windows 19000/57173; exported patches 1596000
Windows 19040/57173; exported patches 1599360
Windows 19080/57173; exported patches 1602720
Windows 19120/57173; exported patches 1606080
Windows 19160/57173; exported patches 1609440
Windows 19200/57173; exported patches 1612800
Windows 19240/57173; exported patches 1616160
Windows 19280/57173; exported patches 1619520
Windows 19320/57173; exported patches 1622880
Windows 19360/57173; exported patches 1626240
Windows 19400/57173; exported patches 1629600
Windows 19440/57173; exported patches 1632960
Windows 19480/57173; exported patches 1636320
Windows 19520/57173; exported patches 1639680
Windows 19560/57173; exported patches 1643040
Windows 19600/57173; exported patches 1646400
Windows 19640/57173; exported patches 1649760
Windows 19680/57173; exported patches 1653120
Windows 19720/57173; exported patches 1656480
Windows 19760/57173; exported patches 1659840
Windows 19800/57173; exported patches 1663200
Windows 19840/57173; exported patches 1666560
Windows 19880/57173; exported patches 1669920
Windows 19920/57173; exported patches 1673280
Windows 19960/57173; exported patches 1676640
Windows 20000/57173; exported patches 1680000
Windows 20040/57173; exported patches 1683360
Windows 20080/57173; exported patches 1686720
Windows 20120/57173; exported patches 1690080
Windows 20160/57173; exported patches 1693440
Windows 20200/57173; exported patches 1696800
Windows 20240/57173; exported patches 1700160
Windows 20280/57173; exported patches 1703520
Windows 20320/57173; exported patches 1706880
Windows 20360/57173; exported patches 1710240
Windows 20400/57173; exported patches 1713600
Windows 20440/57173; exported patches 1716960
Windows 20480/57173; exported patches 1720320
Windows 20520/57173; exported patches 1723680
Windows 20560/57173; exported patches 1727040
Windows 20600/57173; exported patches 1730400
Windows 20640/57173; exported patches 1733760
Windows 20680/57173; exported patches 1737120
Windows 20720/57173; exported patches 1740480
Windows 20760/57173; exported patches 1743840
Windows 20800/57173; exported patches 1747200
Windows 20840/57173; exported patches 1750560
Windows 20880/57173; exported patches 1753920
Windows 20920/57173; exported patches 1757280
Windows 20960/57173; exported patches 1760640
Windows 21000/57173; exported patches 1764000
Windows 21040/57173; exported patches 1767360
Windows 21080/57173; exported patches 1770720
Windows 21120/57173; exported patches 1774080
Windows 21160/57173; exported patches 1777440
Windows 21200/57173; exported patches 1780800
Windows 21240/57173; exported patches 1784160
Windows 21280/57173; exported patches 1787520
Windows 21320/57173; exported patches 1790880
Windows 21360/57173; exported patches 1794240
Windows 21400/57173; exported patches 1797600
Windows 21440/57173; exported patches 1800960
Windows 21480/57173; exported patches 1804320
Windows 21520/57173; exported patches 1807680
Windows 21560/57173; exported patches 1811040
Windows 21600/57173; exported patches 1814400
Windows 21640/57173; exported patches 1817760
Windows 21680/57173; exported patches 1821120
Windows 21720/57173; exported patches 1824480
Windows 21760/57173; exported patches 1827840
Windows 21800/57173; exported patches 1831200
Windows 21840/57173; exported patches 1834560
Windows 21880/57173; exported patches 1837920
Windows 21920/57173; exported patches 1841280
Windows 21960/57173; exported patches 1844640
Windows 22000/57173; exported patches 1848000
Windows 22040/57173; exported patches 1851360
Windows 22080/57173; exported patches 1854720
Windows 22120/57173; exported patches 1858080
Windows 22160/57173; exported patches 1861440
Windows 22200/57173; exported patches 1864800
Windows 22240/57173; exported patches 1868160
Windows 22280/57173; exported patches 1871520
Windows 22320/57173; exported patches 1874880
Windows 22360/57173; exported patches 1878240
Windows 22400/57173; exported patches 1881600
Windows 22440/57173; exported patches 1884960
Windows 22480/57173; exported patches 1888320
Windows 22520/57173; exported patches 1891680
Windows 22560/57173; exported patches 1895040
Windows 22600/57173; exported patches 1898400
Windows 22640/57173; exported patches 1901760
Windows 22680/57173; exported patches 1905120
Windows 22720/57173; exported patches 1908480
Windows 22760/57173; exported patches 1911840
Windows 22800/57173; exported patches 1915200
Windows 22840/57173; exported patches 1918560
Windows 22880/57173; exported patches 1921920
Windows 22920/57173; exported patches 1925280
Windows 22960/57173; exported patches 1928640
Windows 23000/57173; exported patches 1932000
Windows 23040/57173; exported patches 1935360
Windows 23080/57173; exported patches 1938720
Windows 23120/57173; exported patches 1942080
Windows 23160/57173; exported patches 1945440
Windows 23200/57173; exported patches 1948800
Windows 23240/57173; exported patches 1952160
Windows 23280/57173; exported patches 1955520
Windows 23320/57173; exported patches 1958880
Windows 23360/57173; exported patches 1962240
Windows 23400/57173; exported patches 1965600
Windows 23440/57173; exported patches 1968960
Windows 23480/57173; exported patches 1972320
Windows 23520/57173; exported patches 1975680
Windows 23560/57173; exported patches 1979040
Windows 23600/57173; exported patches 1982400
Windows 23640/57173; exported patches 1985760
Windows 23680/57173; exported patches 1989120
Windows 23720/57173; exported patches 1992480
Windows 23760/57173; exported patches 1995840
Windows 23800/57173; exported patches 1999200
Windows 23840/57173; exported patches 2002560
Windows 23880/57173; exported patches 2005920
Windows 23920/57173; exported patches 2009280
Windows 23960/57173; exported patches 2012640
Windows 24000/57173; exported patches 2016000
Windows 24040/57173; exported patches 2019360
Windows 24080/57173; exported patches 2022720
Windows 24120/57173; exported patches 2026080
Windows 24160/57173; exported patches 2029440
Windows 24200/57173; exported patches 2032800
Windows 24240/57173; exported patches 2036160
Windows 24280/57173; exported patches 2039520
Windows 24320/57173; exported patches 2042880
Windows 24360/57173; exported patches 2046240
Windows 24400/57173; exported patches 2049600
Windows 24440/57173; exported patches 2052960
Windows 24480/57173; exported patches 2056320
Windows 24520/57173; exported patches 2059680
Windows 24560/57173; exported patches 2063040
Windows 24600/57173; exported patches 2066400
Windows 24640/57173; exported patches 2069760
Windows 24680/57173; exported patches 2073120
Windows 24720/57173; exported patches 2076480
Windows 24760/57173; exported patches 2079840
Windows 24800/57173; exported patches 2083200
Windows 24840/57173; exported patches 2086560
Windows 24880/57173; exported patches 2089920
Windows 24920/57173; exported patches 2093280
Windows 24960/57173; exported patches 2096640
Windows 25000/57173; exported patches 2100000
Windows 25040/57173; exported patches 2103360
Windows 25080/57173; exported patches 2106720
Windows 25120/57173; exported patches 2110080
Windows 25160/57173; exported patches 2113440
Windows 25200/57173; exported patches 2116800
Windows 25240/57173; exported patches 2120160
Windows 25280/57173; exported patches 2123520
Windows 25320/57173; exported patches 2126880
Windows 25360/57173; exported patches 2130240
Windows 25400/57173; exported patches 2133600
Windows 25440/57173; exported patches 2136960
Windows 25480/57173; exported patches 2140320
Windows 25520/57173; exported patches 2143680
Windows 25560/57173; exported patches 2147040
Windows 25600/57173; exported patches 2150400
Windows 25640/57173; exported patches 2153760
Windows 25680/57173; exported patches 2157120
Windows 25720/57173; exported patches 2160480
Windows 25760/57173; exported patches 2163840
Windows 25800/57173; exported patches 2167200
Windows 25840/57173; exported patches 2170560
Windows 25880/57173; exported patches 2173920
Windows 25920/57173; exported patches 2177280
Windows 25960/57173; exported patches 2180640
Windows 26000/57173; exported patches 2184000
Windows 26040/57173; exported patches 2187360
Windows 26080/57173; exported patches 2190720
Windows 26120/57173; exported patches 2194080
Windows 26160/57173; exported patches 2197440
Windows 26200/57173; exported patches 2200800
Windows 26240/57173; exported patches 2204160
Windows 26280/57173; exported patches 2207520
Windows 26320/57173; exported patches 2210880
Windows 26360/57173; exported patches 2214240
Windows 26400/57173; exported patches 2217600
Windows 26440/57173; exported patches 2220960
Windows 26480/57173; exported patches 2224320
Windows 26520/57173; exported patches 2227680
Windows 26560/57173; exported patches 2231040
Windows 26600/57173; exported patches 2234400
Windows 26640/57173; exported patches 2237760
Windows 26680/57173; exported patches 2241120
Windows 26720/57173; exported patches 2244480
Windows 26760/57173; exported patches 2247840
Windows 26800/57173; exported patches 2251200
Windows 26840/57173; exported patches 2254560
Windows 26880/57173; exported patches 2257920
Windows 26920/57173; exported patches 2261280
Windows 26960/57173; exported patches 2264640
Windows 27000/57173; exported patches 2268000
Windows 27040/57173; exported patches 2271360
Windows 27080/57173; exported patches 2274720
Windows 27120/57173; exported patches 2278080
Windows 27160/57173; exported patches 2281440
Windows 27200/57173; exported patches 2284800
Windows 27240/57173; exported patches 2288160
Windows 27280/57173; exported patches 2291520
Windows 27320/57173; exported patches 2294880
Windows 27360/57173; exported patches 2298240
Windows 27400/57173; exported patches 2301600
Windows 27440/57173; exported patches 2304960
Windows 27480/57173; exported patches 2308320
Windows 27520/57173; exported patches 2311680
Windows 27560/57173; exported patches 2315040
Windows 27600/57173; exported patches 2318400
Windows 27640/57173; exported patches 2321760
Windows 27680/57173; exported patches 2325120
Windows 27720/57173; exported patches 2328480
Windows 27760/57173; exported patches 2331840
Windows 27800/57173; exported patches 2335200
Windows 27840/57173; exported patches 2338560
Windows 27880/57173; exported patches 2341920
Windows 27920/57173; exported patches 2345280
Windows 27960/57173; exported patches 2348640
Windows 28000/57173; exported patches 2352000
Windows 28040/57173; exported patches 2355360
Windows 28080/57173; exported patches 2358720
Windows 28120/57173; exported patches 2362080
Windows 28160/57173; exported patches 2365440
Windows 28200/57173; exported patches 2368800
Windows 28240/57173; exported patches 2372160
Windows 28280/57173; exported patches 2375520
Windows 28320/57173; exported patches 2378880
Windows 28360/57173; exported patches 2382240
Windows 28400/57173; exported patches 2385600
Windows 28440/57173; exported patches 2388960
Windows 28480/57173; exported patches 2392320
Windows 28520/57173; exported patches 2395680
Windows 28560/57173; exported patches 2399040
Windows 28600/57173; exported patches 2402400
Windows 28640/57173; exported patches 2405760
Windows 28680/57173; exported patches 2409120
Windows 28720/57173; exported patches 2412480
Windows 28760/57173; exported patches 2415840
Windows 28800/57173; exported patches 2419200
Windows 28840/57173; exported patches 2422560
Windows 28880/57173; exported patches 2425920
Windows 28920/57173; exported patches 2429280
Windows 28960/57173; exported patches 2432640
Windows 29000/57173; exported patches 2436000
Windows 29040/57173; exported patches 2439360
Windows 29080/57173; exported patches 2442720
Windows 29120/57173; exported patches 2446080
Windows 29160/57173; exported patches 2449440
Windows 29200/57173; exported patches 2452800
Windows 29240/57173; exported patches 2456160
Windows 29280/57173; exported patches 2459520
Windows 29320/57173; exported patches 2462880
Windows 29360/57173; exported patches 2466240
Windows 29400/57173; exported patches 2469600
Windows 29440/57173; exported patches 2472960
Windows 29480/57173; exported patches 2476320
Windows 29520/57173; exported patches 2479680
Windows 29560/57173; exported patches 2483040
Windows 29600/57173; exported patches 2486400
Windows 29640/57173; exported patches 2489760
Windows 29680/57173; exported patches 2493120
Windows 29720/57173; exported patches 2496480
Windows 29760/57173; exported patches 2499840
Windows 29800/57173; exported patches 2503200
Windows 29840/57173; exported patches 2506560
Windows 29880/57173; exported patches 2509920
Windows 29920/57173; exported patches 2513280
Windows 29960/57173; exported patches 2516640
Windows 30000/57173; exported patches 2520000
Windows 30040/57173; exported patches 2523360
Windows 30080/57173; exported patches 2526720
Windows 30120/57173; exported patches 2530080
Windows 30160/57173; exported patches 2533440
Windows 30200/57173; exported patches 2536800
Windows 30240/57173; exported patches 2540160
Windows 30280/57173; exported patches 2543520
Windows 30320/57173; exported patches 2546880
Windows 30360/57173; exported patches 2550240
Windows 30400/57173; exported patches 2553600
Windows 30440/57173; exported patches 2556960
Windows 30480/57173; exported patches 2560320
Windows 30520/57173; exported patches 2563680
Windows 30560/57173; exported patches 2567040
Windows 30600/57173; exported patches 2570400
Windows 30640/57173; exported patches 2573760
Windows 30680/57173; exported patches 2577120
Windows 30720/57173; exported patches 2580480
Windows 30760/57173; exported patches 2583840
Windows 30800/57173; exported patches 2587200
Windows 30840/57173; exported patches 2590560
Windows 30880/57173; exported patches 2593920
Windows 30920/57173; exported patches 2597280
Windows 30960/57173; exported patches 2600640
Windows 31000/57173; exported patches 2604000
Windows 31040/57173; exported patches 2607360
Windows 31080/57173; exported patches 2610720
Windows 31120/57173; exported patches 2614080
Windows 31160/57173; exported patches 2617440
Windows 31200/57173; exported patches 2620800
Windows 31240/57173; exported patches 2624160
Windows 31280/57173; exported patches 2627520
Windows 31320/57173; exported patches 2630880
Windows 31360/57173; exported patches 2634240
Windows 31400/57173; exported patches 2637600
Windows 31440/57173; exported patches 2640960
Windows 31480/57173; exported patches 2644320
Windows 31520/57173; exported patches 2647680
Windows 31560/57173; exported patches 2651040
Windows 31600/57173; exported patches 2654400
Windows 31640/57173; exported patches 2657760
Windows 31680/57173; exported patches 2661120
Windows 31720/57173; exported patches 2664480
Windows 31760/57173; exported patches 2667840
Windows 31800/57173; exported patches 2671200
Windows 31840/57173; exported patches 2674560
Windows 31880/57173; exported patches 2677920
Windows 31920/57173; exported patches 2681280
Windows 31960/57173; exported patches 2684640
Windows 32000/57173; exported patches 2688000
Windows 32040/57173; exported patches 2691360
Windows 32080/57173; exported patches 2694720
Windows 32120/57173; exported patches 2698080
Windows 32160/57173; exported patches 2701440
Windows 32200/57173; exported patches 2704800
Windows 32240/57173; exported patches 2708160
Windows 32280/57173; exported patches 2711520
Windows 32320/57173; exported patches 2714880
Windows 32360/57173; exported patches 2718240
Windows 32400/57173; exported patches 2721600
Windows 32440/57173; exported patches 2724960
Windows 32480/57173; exported patches 2728320
Windows 32520/57173; exported patches 2731680
Windows 32560/57173; exported patches 2735040
Windows 32600/57173; exported patches 2738400
Windows 32640/57173; exported patches 2741760
Windows 32680/57173; exported patches 2745120
Windows 32720/57173; exported patches 2748480
Windows 32760/57173; exported patches 2751840
Windows 32800/57173; exported patches 2755200
Windows 32840/57173; exported patches 2758560
Windows 32880/57173; exported patches 2761920
Windows 32920/57173; exported patches 2765280
Windows 32960/57173; exported patches 2768640
Windows 33000/57173; exported patches 2772000
Windows 33040/57173; exported patches 2775360
Windows 33080/57173; exported patches 2778720
Windows 33120/57173; exported patches 2782080
Windows 33160/57173; exported patches 2785440
Windows 33200/57173; exported patches 2788800
Windows 33240/57173; exported patches 2792160
Windows 33280/57173; exported patches 2795520
Windows 33320/57173; exported patches 2798880
Windows 33360/57173; exported patches 2802240
Windows 33400/57173; exported patches 2805600
Windows 33440/57173; exported patches 2808960
Windows 33480/57173; exported patches 2812320
Windows 33520/57173; exported patches 2815680
Windows 33560/57173; exported patches 2819040
Windows 33600/57173; exported patches 2822400
Windows 33640/57173; exported patches 2825760
Windows 33680/57173; exported patches 2829120
Windows 33720/57173; exported patches 2832480
Windows 33760/57173; exported patches 2835840
Windows 33800/57173; exported patches 2839200
Windows 33840/57173; exported patches 2842560
Windows 33880/57173; exported patches 2845920
Windows 33920/57173; exported patches 2849280
Windows 33960/57173; exported patches 2852640
Windows 34000/57173; exported patches 2856000
Windows 34040/57173; exported patches 2859360
Windows 34080/57173; exported patches 2862720
Windows 34120/57173; exported patches 2866080
Windows 34160/57173; exported patches 2869440
Windows 34200/57173; exported patches 2872800
Windows 34240/57173; exported patches 2876160
Windows 34280/57173; exported patches 2879520
Windows 34320/57173; exported patches 2882880
Windows 34360/57173; exported patches 2886240
Windows 34400/57173; exported patches 2889600
Windows 34440/57173; exported patches 2892960
Windows 34480/57173; exported patches 2896320
Windows 34520/57173; exported patches 2899680
Windows 34560/57173; exported patches 2903040
Windows 34600/57173; exported patches 2906400
Windows 34640/57173; exported patches 2909760
Windows 34680/57173; exported patches 2913120
Windows 34720/57173; exported patches 2916480
Windows 34760/57173; exported patches 2919840
Windows 34800/57173; exported patches 2923200
Windows 34840/57173; exported patches 2926560
Windows 34880/57173; exported patches 2929920
Windows 34920/57173; exported patches 2933280
Windows 34960/57173; exported patches 2936640
Windows 35000/57173; exported patches 2940000
Windows 35040/57173; exported patches 2943360
Windows 35080/57173; exported patches 2946720
Windows 35120/57173; exported patches 2950080
Windows 35160/57173; exported patches 2953440
Windows 35200/57173; exported patches 2956800
Windows 35240/57173; exported patches 2960160
Windows 35280/57173; exported patches 2963520
Windows 35320/57173; exported patches 2966880
Windows 35360/57173; exported patches 2970240
Windows 35400/57173; exported patches 2973600
Windows 35440/57173; exported patches 2976960
Windows 35480/57173; exported patches 2980320
Windows 35520/57173; exported patches 2983680
Windows 35560/57173; exported patches 2987040
Windows 35600/57173; exported patches 2990400
Windows 35640/57173; exported patches 2993760
Windows 35680/57173; exported patches 2997120
Windows 35720/57173; exported patches 3000480
Windows 35760/57173; exported patches 3003840
Windows 35800/57173; exported patches 3007200
Windows 35840/57173; exported patches 3010560
Windows 35880/57173; exported patches 3013920
Windows 35920/57173; exported patches 3017280
Windows 35960/57173; exported patches 3020640
Windows 36000/57173; exported patches 3024000
Windows 36040/57173; exported patches 3027360
Windows 36080/57173; exported patches 3030720
Windows 36120/57173; exported patches 3034080
Windows 36160/57173; exported patches 3037440
Windows 36200/57173; exported patches 3040800
Windows 36240/57173; exported patches 3044160
Windows 36280/57173; exported patches 3047520
Windows 36320/57173; exported patches 3050880
Windows 36360/57173; exported patches 3054240
Windows 36400/57173; exported patches 3057600
Windows 36440/57173; exported patches 3060960
Windows 36480/57173; exported patches 3064320
Windows 36520/57173; exported patches 3067680
Windows 36560/57173; exported patches 3071040
Windows 36600/57173; exported patches 3074400
Windows 36640/57173; exported patches 3077760
Windows 36680/57173; exported patches 3081120
Windows 36720/57173; exported patches 3084480
Windows 36760/57173; exported patches 3087840
Windows 36800/57173; exported patches 3091200
Windows 36840/57173; exported patches 3094560
Windows 36880/57173; exported patches 3097920
Windows 36920/57173; exported patches 3101280
Windows 36960/57173; exported patches 3104640
Windows 37000/57173; exported patches 3108000
Windows 37040/57173; exported patches 3111360
Windows 37080/57173; exported patches 3114720
Windows 37120/57173; exported patches 3118080
Windows 37160/57173; exported patches 3121440
Windows 37200/57173; exported patches 3124800
Windows 37240/57173; exported patches 3128160
Windows 37280/57173; exported patches 3131520
Windows 37320/57173; exported patches 3134880
Windows 37360/57173; exported patches 3138240
Windows 37400/57173; exported patches 3141600
Windows 37440/57173; exported patches 3144960
Windows 37480/57173; exported patches 3148320
Windows 37520/57173; exported patches 3151680
Windows 37560/57173; exported patches 3155040
Windows 37600/57173; exported patches 3158400
Windows 37640/57173; exported patches 3161760
Windows 37680/57173; exported patches 3165120
Windows 37720/57173; exported patches 3168480
Windows 37760/57173; exported patches 3171840
Windows 37800/57173; exported patches 3175200
Windows 37840/57173; exported patches 3178560
Windows 37880/57173; exported patches 3181920
Windows 37920/57173; exported patches 3185280
Windows 37960/57173; exported patches 3188640
Windows 38000/57173; exported patches 3192000
Windows 38040/57173; exported patches 3195360
Windows 38080/57173; exported patches 3198720
Windows 38120/57173; exported patches 3202080
Windows 38160/57173; exported patches 3205440
Windows 38200/57173; exported patches 3208800
Windows 38240/57173; exported patches 3212160
Windows 38280/57173; exported patches 3215520
Windows 38320/57173; exported patches 3218880
Windows 38360/57173; exported patches 3222240
Windows 38400/57173; exported patches 3225600
Windows 38440/57173; exported patches 3228960
Windows 38480/57173; exported patches 3232320
Windows 38520/57173; exported patches 3235680
Windows 38560/57173; exported patches 3239040
Windows 38600/57173; exported patches 3242400
Windows 38640/57173; exported patches 3245760
Windows 38680/57173; exported patches 3249120
Windows 38720/57173; exported patches 3252480
Windows 38760/57173; exported patches 3255840
Windows 38800/57173; exported patches 3259200
Windows 38840/57173; exported patches 3262560
Windows 38880/57173; exported patches 3265920
Windows 38920/57173; exported patches 3269280
Windows 38960/57173; exported patches 3272640
Windows 39000/57173; exported patches 3276000
Windows 39040/57173; exported patches 3279360
Windows 39080/57173; exported patches 3282720
Windows 39120/57173; exported patches 3286080
Windows 39160/57173; exported patches 3289440
Windows 39200/57173; exported patches 3292800
Windows 39240/57173; exported patches 3296160
Windows 39280/57173; exported patches 3299520
Windows 39320/57173; exported patches 3302880
Windows 39360/57173; exported patches 3306240
Windows 39400/57173; exported patches 3309600
Windows 39440/57173; exported patches 3312960
Windows 39480/57173; exported patches 3316320
Windows 39520/57173; exported patches 3319680
Windows 39560/57173; exported patches 3323040
Windows 39600/57173; exported patches 3326400
Windows 39640/57173; exported patches 3329760
Windows 39680/57173; exported patches 3333120
Windows 39720/57173; exported patches 3336480
Windows 39760/57173; exported patches 3339840
Windows 39800/57173; exported patches 3343200
Windows 39840/57173; exported patches 3346560
Windows 39880/57173; exported patches 3349920
Windows 39920/57173; exported patches 3353280
Windows 39960/57173; exported patches 3356640
Windows 40000/57173; exported patches 3360000
Windows 40040/57173; exported patches 3363360
Windows 40080/57173; exported patches 3366720
Windows 40120/57173; exported patches 3370080
Windows 40160/57173; exported patches 3373440
Windows 40200/57173; exported patches 3376800
Windows 40240/57173; exported patches 3380160
Windows 40280/57173; exported patches 3383520
Windows 40320/57173; exported patches 3386880
Windows 40360/57173; exported patches 3390240
Windows 40400/57173; exported patches 3393600
Windows 40440/57173; exported patches 3396960
Windows 40480/57173; exported patches 3400320
Windows 40520/57173; exported patches 3403680
Windows 40560/57173; exported patches 3407040
Windows 40600/57173; exported patches 3410400
Windows 40640/57173; exported patches 3413760
Windows 40680/57173; exported patches 3417120
Windows 40720/57173; exported patches 3420480
Windows 40760/57173; exported patches 3423840
Windows 40800/57173; exported patches 3427200
Windows 40840/57173; exported patches 3430560
Windows 40880/57173; exported patches 3433920
Windows 40920/57173; exported patches 3437280
Windows 40960/57173; exported patches 3440640
Windows 41000/57173; exported patches 3444000
Windows 41040/57173; exported patches 3447360
Windows 41080/57173; exported patches 3450720
Windows 41120/57173; exported patches 3454080
Windows 41160/57173; exported patches 3457440
Windows 41200/57173; exported patches 3460800
Windows 41240/57173; exported patches 3464160
Windows 41280/57173; exported patches 3467520
Windows 41320/57173; exported patches 3470880
Windows 41360/57173; exported patches 3474240
Windows 41400/57173; exported patches 3477600
Windows 41440/57173; exported patches 3480960
Windows 41480/57173; exported patches 3484320
Windows 41520/57173; exported patches 3487680
Windows 41560/57173; exported patches 3491040
Windows 41600/57173; exported patches 3494400
Windows 41640/57173; exported patches 3497760
Windows 41680/57173; exported patches 3501120
Windows 41720/57173; exported patches 3504480
Windows 41760/57173; exported patches 3507840
Windows 41800/57173; exported patches 3511200
Windows 41840/57173; exported patches 3514560
Windows 41880/57173; exported patches 3517920
Windows 41920/57173; exported patches 3521280
Windows 41960/57173; exported patches 3524640
Windows 42000/57173; exported patches 3528000
Windows 42040/57173; exported patches 3531360
Windows 42080/57173; exported patches 3534720
Windows 42120/57173; exported patches 3538080
Windows 42160/57173; exported patches 3541440
Windows 42200/57173; exported patches 3544800
Windows 42240/57173; exported patches 3548160
Windows 42280/57173; exported patches 3551520
Windows 42320/57173; exported patches 3554880
Windows 42360/57173; exported patches 3558240
Windows 42400/57173; exported patches 3561600
Windows 42440/57173; exported patches 3564960
Windows 42480/57173; exported patches 3568320
Windows 42520/57173; exported patches 3571680
Windows 42560/57173; exported patches 3575040
Windows 42600/57173; exported patches 3578400
Windows 42640/57173; exported patches 3581760
Windows 42680/57173; exported patches 3585120
Windows 42720/57173; exported patches 3588480
Windows 42760/57173; exported patches 3591840
Windows 42800/57173; exported patches 3595200
Windows 42840/57173; exported patches 3598560
Windows 42880/57173; exported patches 3601920
Windows 42920/57173; exported patches 3605280
Windows 42960/57173; exported patches 3608640
Windows 43000/57173; exported patches 3612000
Windows 43040/57173; exported patches 3615360
Windows 43080/57173; exported patches 3618720
Windows 43120/57173; exported patches 3622080
Windows 43160/57173; exported patches 3625440
Windows 43200/57173; exported patches 3628800
Windows 43240/57173; exported patches 3632160
Windows 43280/57173; exported patches 3635520
Windows 43320/57173; exported patches 3638880
Windows 43360/57173; exported patches 3642240
Windows 43400/57173; exported patches 3645600
Windows 43440/57173; exported patches 3648960
Windows 43480/57173; exported patches 3652320
Windows 43520/57173; exported patches 3655680
Windows 43560/57173; exported patches 3659040
Windows 43600/57173; exported patches 3662400
Windows 43640/57173; exported patches 3665760
Windows 43680/57173; exported patches 3669120
Windows 43720/57173; exported patches 3672480
Windows 43760/57173; exported patches 3675840
Windows 43800/57173; exported patches 3679200
Windows 43840/57173; exported patches 3682560
Windows 43880/57173; exported patches 3685920
Windows 43920/57173; exported patches 3689280
Windows 43960/57173; exported patches 3692640
Windows 44000/57173; exported patches 3696000
Windows 44040/57173; exported patches 3699360
Windows 44080/57173; exported patches 3702720
Windows 44120/57173; exported patches 3706080
Windows 44160/57173; exported patches 3709440
Windows 44200/57173; exported patches 3712800
Windows 44240/57173; exported patches 3716160
Windows 44280/57173; exported patches 3719520
Windows 44320/57173; exported patches 3722880
Windows 44360/57173; exported patches 3726240
Windows 44400/57173; exported patches 3729600
Windows 44440/57173; exported patches 3732960
Windows 44480/57173; exported patches 3736320
Windows 44520/57173; exported patches 3739680
Windows 44560/57173; exported patches 3743040
Windows 44600/57173; exported patches 3746400
Windows 44640/57173; exported patches 3749760
Windows 44680/57173; exported patches 3753120
Windows 44720/57173; exported patches 3756480
Windows 44760/57173; exported patches 3759840
Windows 44800/57173; exported patches 3763200
Windows 44840/57173; exported patches 3766560
Windows 44880/57173; exported patches 3769920
Windows 44920/57173; exported patches 3773280
Windows 44960/57173; exported patches 3776640
Windows 45000/57173; exported patches 3780000
Windows 45040/57173; exported patches 3783360
Windows 45080/57173; exported patches 3786720
Windows 45120/57173; exported patches 3790080
Windows 45160/57173; exported patches 3793440
Windows 45200/57173; exported patches 3796800
Windows 45240/57173; exported patches 3800160
Windows 45280/57173; exported patches 3803520
Windows 45320/57173; exported patches 3806880
Windows 45360/57173; exported patches 3810240
Windows 45400/57173; exported patches 3813600
Windows 45440/57173; exported patches 3816960
Windows 45480/57173; exported patches 3820320
Windows 45520/57173; exported patches 3823680
Windows 45560/57173; exported patches 3827040
Windows 45600/57173; exported patches 3830400
Windows 45640/57173; exported patches 3833760
Windows 45680/57173; exported patches 3837120
Windows 45720/57173; exported patches 3840480
Windows 45760/57173; exported patches 3843840
Windows 45800/57173; exported patches 3847200
Windows 45840/57173; exported patches 3850560
Windows 45880/57173; exported patches 3853920
Windows 45920/57173; exported patches 3857280
Windows 45960/57173; exported patches 3860640
Windows 46000/57173; exported patches 3864000
Windows 46040/57173; exported patches 3867360
Windows 46080/57173; exported patches 3870720
Windows 46120/57173; exported patches 3874080
Windows 46160/57173; exported patches 3877440
Windows 46200/57173; exported patches 3880800
Windows 46240/57173; exported patches 3884160
Windows 46280/57173; exported patches 3887520
Windows 46320/57173; exported patches 3890880
Windows 46360/57173; exported patches 3894240
Windows 46400/57173; exported patches 3897600
Windows 46440/57173; exported patches 3900960
Windows 46480/57173; exported patches 3904320
Windows 46520/57173; exported patches 3907680
Windows 46560/57173; exported patches 3911040
Windows 46600/57173; exported patches 3914400
Windows 46640/57173; exported patches 3917760
Windows 46680/57173; exported patches 3921120
Windows 46720/57173; exported patches 3924480
Windows 46760/57173; exported patches 3927840
Windows 46800/57173; exported patches 3931200
Windows 46840/57173; exported patches 3934560
Windows 46880/57173; exported patches 3937920
Windows 46920/57173; exported patches 3941280
Windows 46960/57173; exported patches 3944640
Windows 47000/57173; exported patches 3948000
Windows 47040/57173; exported patches 3951360
Windows 47080/57173; exported patches 3954720
Windows 47120/57173; exported patches 3958080
Windows 47160/57173; exported patches 3961440
Windows 47200/57173; exported patches 3964800
Windows 47240/57173; exported patches 3968160
Windows 47280/57173; exported patches 3971520
Windows 47320/57173; exported patches 3974880
Windows 47360/57173; exported patches 3978240
Windows 47400/57173; exported patches 3981600
Windows 47440/57173; exported patches 3984960
Windows 47480/57173; exported patches 3988320
Windows 47520/57173; exported patches 3991680
Windows 47560/57173; exported patches 3995040
Windows 47600/57173; exported patches 3998400
Windows 47640/57173; exported patches 4001760
Windows 47680/57173; exported patches 4005120
Windows 47720/57173; exported patches 4008480
Windows 47760/57173; exported patches 4011840
Windows 47800/57173; exported patches 4015200
Windows 47840/57173; exported patches 4018560
Windows 47880/57173; exported patches 4021920
Windows 47920/57173; exported patches 4025280
Windows 47960/57173; exported patches 4028640
Windows 48000/57173; exported patches 4032000
Windows 48040/57173; exported patches 4035360
Windows 48080/57173; exported patches 4038720
Windows 48120/57173; exported patches 4042080
Windows 48160/57173; exported patches 4045440
Windows 48200/57173; exported patches 4048800
Windows 48240/57173; exported patches 4052160
Windows 48280/57173; exported patches 4055520
Windows 48320/57173; exported patches 4058880
Windows 48360/57173; exported patches 4062240
Windows 48400/57173; exported patches 4065600
Windows 48440/57173; exported patches 4068960
Windows 48480/57173; exported patches 4072320
Windows 48520/57173; exported patches 4075680
Windows 48560/57173; exported patches 4079040
Windows 48600/57173; exported patches 4082400
Windows 48640/57173; exported patches 4085760
Windows 48680/57173; exported patches 4089120
Windows 48720/57173; exported patches 4092480
Windows 48760/57173; exported patches 4095840
Windows 48800/57173; exported patches 4099200
Windows 48840/57173; exported patches 4102560
Windows 48880/57173; exported patches 4105920
Windows 48920/57173; exported patches 4109280
Windows 48960/57173; exported patches 4112640
Windows 49000/57173; exported patches 4116000
Windows 49040/57173; exported patches 4119360
Windows 49080/57173; exported patches 4122720
Windows 49120/57173; exported patches 4126080
Windows 49160/57173; exported patches 4129440
Windows 49200/57173; exported patches 4132800
Windows 49240/57173; exported patches 4136160
Windows 49280/57173; exported patches 4139520
Windows 49320/57173; exported patches 4142880
Windows 49360/57173; exported patches 4146240
Windows 49400/57173; exported patches 4149600
Windows 49440/57173; exported patches 4152960
Windows 49480/57173; exported patches 4156320
Windows 49520/57173; exported patches 4159680
Windows 49560/57173; exported patches 4163040
Windows 49600/57173; exported patches 4166400
Windows 49640/57173; exported patches 4169760
Windows 49680/57173; exported patches 4173120
Windows 49720/57173; exported patches 4176480
Windows 49760/57173; exported patches 4179840
Windows 49800/57173; exported patches 4183200
Windows 49840/57173; exported patches 4186560
Windows 49880/57173; exported patches 4189920
Windows 49920/57173; exported patches 4193280
Windows 49960/57173; exported patches 4196640
Windows 50000/57173; exported patches 4200000
Windows 50040/57173; exported patches 4203360
Windows 50080/57173; exported patches 4206720
Windows 50120/57173; exported patches 4210080
Windows 50160/57173; exported patches 4213440
Windows 50200/57173; exported patches 4216800
Windows 50240/57173; exported patches 4220160
Windows 50280/57173; exported patches 4223520
Windows 50320/57173; exported patches 4226880
Windows 50360/57173; exported patches 4230240
Windows 50400/57173; exported patches 4233600
Windows 50440/57173; exported patches 4236960
Windows 50480/57173; exported patches 4240320
Windows 50520/57173; exported patches 4243680
Windows 50560/57173; exported patches 4247040
Windows 50600/57173; exported patches 4250400
Windows 50640/57173; exported patches 4253760
Windows 50680/57173; exported patches 4257120
Windows 50720/57173; exported patches 4260480
Windows 50760/57173; exported patches 4263840
Windows 50800/57173; exported patches 4267200
Windows 50840/57173; exported patches 4270560
Windows 50880/57173; exported patches 4273920
Windows 50920/57173; exported patches 4277280
Windows 50960/57173; exported patches 4280640
Windows 51000/57173; exported patches 4284000
Windows 51040/57173; exported patches 4287360
Windows 51080/57173; exported patches 4290720
Windows 51120/57173; exported patches 4294080
Windows 51160/57173; exported patches 4297440
Windows 51200/57173; exported patches 4300800
Windows 51240/57173; exported patches 4304160
Windows 51280/57173; exported patches 4307520
Windows 51320/57173; exported patches 4310880
Windows 51360/57173; exported patches 4314240
Windows 51400/57173; exported patches 4317600
Windows 51440/57173; exported patches 4320960
Windows 51480/57173; exported patches 4324320
Windows 51520/57173; exported patches 4327680
Windows 51560/57173; exported patches 4331040
Windows 51600/57173; exported patches 4334400
Windows 51640/57173; exported patches 4337760
Windows 51680/57173; exported patches 4341120
Windows 51720/57173; exported patches 4344480
Windows 51760/57173; exported patches 4347840
Windows 51800/57173; exported patches 4351200
Windows 51840/57173; exported patches 4354560
Windows 51880/57173; exported patches 4357920
Windows 51920/57173; exported patches 4361280
Windows 51960/57173; exported patches 4364640
Windows 52000/57173; exported patches 4368000
Windows 52040/57173; exported patches 4371360
Windows 52080/57173; exported patches 4374720
Windows 52120/57173; exported patches 4378080
Windows 52160/57173; exported patches 4381440
Windows 52200/57173; exported patches 4384800
Windows 52240/57173; exported patches 4388160
Windows 52280/57173; exported patches 4391520
Windows 52320/57173; exported patches 4394880
Windows 52360/57173; exported patches 4398240
Windows 52400/57173; exported patches 4401600
Windows 52440/57173; exported patches 4404960
Windows 52480/57173; exported patches 4408320
Windows 52520/57173; exported patches 4411680
Windows 52560/57173; exported patches 4415040
Windows 52600/57173; exported patches 4418400
Windows 52640/57173; exported patches 4421760
Windows 52680/57173; exported patches 4425120
Windows 52720/57173; exported patches 4428480
Windows 52760/57173; exported patches 4431840
Windows 52800/57173; exported patches 4435200
Windows 52840/57173; exported patches 4438560
Windows 52880/57173; exported patches 4441920
Windows 52920/57173; exported patches 4445280
Windows 52960/57173; exported patches 4448640
Windows 53000/57173; exported patches 4452000
Windows 53040/57173; exported patches 4455360
Windows 53080/57173; exported patches 4458720
Windows 53120/57173; exported patches 4462080
Windows 53160/57173; exported patches 4465440
Windows 53200/57173; exported patches 4468800
Windows 53240/57173; exported patches 4472160
Windows 53280/57173; exported patches 4475520
Windows 53320/57173; exported patches 4478880
Windows 53360/57173; exported patches 4482240
Windows 53400/57173; exported patches 4485600
Windows 53440/57173; exported patches 4488960
Windows 53480/57173; exported patches 4492320
Windows 53520/57173; exported patches 4495680
Windows 53560/57173; exported patches 4499040
Windows 53600/57173; exported patches 4502400
Windows 53640/57173; exported patches 4505760
Windows 53680/57173; exported patches 4509120
Windows 53720/57173; exported patches 4512480
Windows 53760/57173; exported patches 4515840
Windows 53800/57173; exported patches 4519200
Windows 53840/57173; exported patches 4522560
Windows 53880/57173; exported patches 4525920
Windows 53920/57173; exported patches 4529280
Windows 53960/57173; exported patches 4532640
Windows 54000/57173; exported patches 4536000
Windows 54040/57173; exported patches 4539360
Windows 54080/57173; exported patches 4542720
Windows 54120/57173; exported patches 4546080
Windows 54160/57173; exported patches 4549440
Windows 54200/57173; exported patches 4552800
Windows 54240/57173; exported patches 4556160
Windows 54280/57173; exported patches 4559520
Windows 54320/57173; exported patches 4562880
Windows 54360/57173; exported patches 4566240
Windows 54400/57173; exported patches 4569600
Windows 54440/57173; exported patches 4572960
Windows 54480/57173; exported patches 4576320
Windows 54520/57173; exported patches 4579680
Windows 54560/57173; exported patches 4583040
Windows 54600/57173; exported patches 4586400
Windows 54640/57173; exported patches 4589760
Windows 54680/57173; exported patches 4593120
Windows 54720/57173; exported patches 4596480
Windows 54760/57173; exported patches 4599840
Windows 54800/57173; exported patches 4603200
Windows 54840/57173; exported patches 4606560
Windows 54880/57173; exported patches 4609920
Windows 54920/57173; exported patches 4613280
Windows 54960/57173; exported patches 4616640
Windows 55000/57173; exported patches 4620000
Windows 55040/57173; exported patches 4623360
Windows 55080/57173; exported patches 4626720
Windows 55120/57173; exported patches 4630080
Windows 55160/57173; exported patches 4633440
Windows 55200/57173; exported patches 4636800
Windows 55240/57173; exported patches 4640160
Windows 55280/57173; exported patches 4643520
Windows 55320/57173; exported patches 4646880
Windows 55360/57173; exported patches 4650240
Windows 55400/57173; exported patches 4653600
Windows 55440/57173; exported patches 4656960
Windows 55480/57173; exported patches 4660320
Windows 55520/57173; exported patches 4663680
Windows 55560/57173; exported patches 4667040
Windows 55600/57173; exported patches 4670400
Windows 55640/57173; exported patches 4673760
Windows 55680/57173; exported patches 4677120
Windows 55720/57173; exported patches 4680480
Windows 55760/57173; exported patches 4683840
Windows 55800/57173; exported patches 4687200
Windows 55840/57173; exported patches 4690560
Windows 55880/57173; exported patches 4693920
Windows 55920/57173; exported patches 4697280
Windows 55960/57173; exported patches 4700640
Windows 56000/57173; exported patches 4704000
Windows 56040/57173; exported patches 4707360
Windows 56080/57173; exported patches 4710720
Windows 56120/57173; exported patches 4714080
Windows 56160/57173; exported patches 4717440
Windows 56200/57173; exported patches 4720800
Windows 56240/57173; exported patches 4724160
Windows 56280/57173; exported patches 4727520
Windows 56320/57173; exported patches 4730880
Windows 56360/57173; exported patches 4734240
Windows 56400/57173; exported patches 4737600
Windows 56440/57173; exported patches 4740960
Windows 56480/57173; exported patches 4744320
Windows 56520/57173; exported patches 4747680
Windows 56560/57173; exported patches 4751040
Windows 56600/57173; exported patches 4754400
Windows 56640/57173; exported patches 4757760
Windows 56680/57173; exported patches 4761120
Windows 56720/57173; exported patches 4764480
Windows 56760/57173; exported patches 4767840
Windows 56800/57173; exported patches 4771200
Windows 56840/57173; exported patches 4774560
Windows 56880/57173; exported patches 4777920
Windows 56920/57173; exported patches 4781280
Windows 56960/57173; exported patches 4784640
Windows 57000/57173; exported patches 4788000
Windows 57040/57173; exported patches 4791360
Windows 57080/57173; exported patches 4794720
Windows 57120/57173; exported patches 4798080
Windows 57160/57173; exported patches 4801440
Saved 4802532 patches to /data/quantization/zaima/videosal_datasets/dhf1k/prototype_consistency_sal/patch_data.json
4802532 patches have fewer than 20 valid active prototypes; their lists contain only actual assignments. See experiment_metadata.json.
